xUDT Scripts Dapp Example  (see xUDT specs)
Step 1: Issue Custom Token

Private Key:  
Balance(Total Capacity): 42000000 CKB
Lock Script:
{
  "codeHash": "0x9bd7e06f3ecf4be0f2fcd2188b23f1b9fcc88e5d4b65a8637b17723bbda3cce8",
  "hashType": "type",
  "args": "0x8e42b1999f265a0078503c4acec4d5e134534297"
}
Lock Script Hash: 0x7de82d61a7eb2ec82b0dc653e558ba120efcbfbb44dac87c12972d05bf250653

Token Amount:  
Issue Token
Result
Transaction hash: 0xf4d44bca1c3edbbf177d6e59ce886b0253a93b7898cf26e1d71a9d1eee6a7b6c
Token xUDT args: 0x7de82d61a7eb2ec82b0dc653e558ba120efcbfbb44dac87c12972d05bf25065300000000 (Noticed that the xUDT args works like the unique id for your issued token, Think of it like an ERC20 contract address)
Token cell:

Capacity: 146 CKB

Lock: { "codeHash": "0x9bd7e06f3ecf4be0f2fcd2188b23f1b9fcc88e5d4b65a8637b17723bbda3cce8", "hashType": "type", "args": "0x8e42b1999f265a0078503c4acec4d5e134534297" }

Type: { "codeHash": "0x1a1e4fef34f5982906f745b048fe7b1089647e82346074e0f32c2ece26cf6b1e", "hashType": "type", "args": "0x7de82d61a7eb2ec82b0dc653e558ba120efcbfbb44dac87c12972d05bf25065300000000" }

Step 2: View Custom Token
xDUT args:  
Query Issued Token
Result: all the cells which hosted this issued token

Cell #0

Token amount: 42
Token xUDT args: 0x7de82d61a7eb2ec82b0dc653e558ba120efcbfbb44dac87c12972d05bf25065300000000
Token holder's lock script args: 0x8e42b1999f265a0078503c4acec4d5e134534297
Step 3: Transfer Custom Token
Private Key:  
xUDT args:  
Transfer Token Amount:  
Receiver Address:  
Transfer Custom Token